==== Secondary Structure Definition by the program DSSP, NKI version 4.6.1                         ==== DATE=2026-07-29        .
REFERENCE M.L. HEKKELMAN ET AL, PROTEIN SCIENCE 34.8 (2025) e70208; W. KABSCH AND C.SANDER, BIOPOLYMERS 22 (1983) 2577-2637    .
HEADER    xxxxxxxxxxxxxxxxxxxxxxxxxxxxxxxxxxxxxxxx            nohd                                                             .
COMPND    MOL_ID: 1; MOLECULE: PHOSPHATIDYLINOSITOL 3,4,5-TRISPHOSPHATE 3-PHOSPHATASE ANDDUAL-SPECIFICITY PROTEIN PHOSPHATA... .
SOURCE    MOL_ID: 1; ORGANISM_SCIENTIFIC: HOMO SAPIENS; ORGANISM_TAXID: 9606                                                   .
AUTHOR                                                                                                                         .
  403  1  0  0  0 TOTAL NUMBER OF RESIDUES, NUMBER OF CHAINS, NUMBER OF SS-BRIDGES(TOTAL,INTRACHAIN,INTERCHAIN)                .
 25357.6   ACCESSIBLE SURFACE OF PROTEIN (ANGSTROM**2)                                                                         .
  275 68.2   TOTAL NUMBER OF HYDROGEN BONDS OF TYPE O(I)-->H-N(J)  , SAME NUMBER PER 100 RESIDUES                              .
   20  5.0   TOTAL NUMBER OF HYDROGEN BONDS IN     PARALLEL BRIDGES, SAME NUMBER PER 100 RESIDUES                              .
   73 18.1   TOTAL NUMBER OF HYDROGEN BONDS IN ANTIPARALLEL BRIDGES, SAME NUMBER PER 100 RESIDUES                              .
    1  0.2   TOTAL NUMBER OF HYDROGEN BONDS OF TYPE O(I)-->H-N(I-5), SAME NUMBER PER 100 RESIDUES                              .
    2  0.5   TOTAL NUMBER OF HYDROGEN BONDS OF TYPE O(I)-->H-N(I-4), SAME NUMBER PER 100 RESIDUES                              .
    4  1.0   TOTAL NUMBER OF HYDROGEN BONDS OF TYPE O(I)-->H-N(I-3), SAME NUMBER PER 100 RESIDUES                              .
    0  0.0   TOTAL NUMBER OF HYDROGEN BONDS OF TYPE O(I)-->H-N(I-2), SAME NUMBER PER 100 RESIDUES                              .
    0  0.0   TOTAL NUMBER OF HYDROGEN BONDS OF TYPE O(I)-->H-N(I-1), SAME NUMBER PER 100 RESIDUES                              .
    0  0.0   TOTAL NUMBER OF HYDROGEN BONDS OF TYPE O(I)-->H-N(I+0), SAME NUMBER PER 100 RESIDUES                              .
    0  0.0   TOTAL NUMBER OF HYDROGEN BONDS OF TYPE O(I)-->H-N(I+1), SAME NUMBER PER 100 RESIDUES                              .
   63 15.6   TOTAL NUMBER OF HYDROGEN BONDS OF TYPE O(I)-->H-N(I+2), SAME NUMBER PER 100 RESIDUES                              .
   40  9.9   TOTAL NUMBER OF HYDROGEN BONDS OF TYPE O(I)-->H-N(I+3), SAME NUMBER PER 100 RESIDUES                              .
   73 18.1   TOTAL NUMBER OF HYDROGEN BONDS OF TYPE O(I)-->H-N(I+4), SAME NUMBER PER 100 RESIDUES                              .
    3  0.7   TOTAL NUMBER OF HYDROGEN BONDS OF TYPE O(I)-->H-N(I+5), SAME NUMBER PER 100 RESIDUES                              .
  1  2  3  4  5  6  7  8  9 10 11 12 13 14 15 16 17 18 19 20 21 22 23 24 25 26 27 28 29 30     *** HISTOGRAMS OF ***           .
  0  0  0  1  0  0  0  0  1  0  0  2  1  0  1  1  0  0  0  0  0  0  0  0  0  0  0  0  0  0    RESIDUES PER ALPHA HELIX         .
  0  1  0  2  1  0  0  0  0  0  0  0  0  0  0  0  0  0  0  0  0  0  0  0  0  0  0  0  0  0    PARALLEL BRIDGES PER LADDER      .
  4  0  1  2  1  1  2  1  1  0  0  0  0  0  0  0  0  0  0  0  0  0  0  0  0  0  0  0  0  0    ANTIPARALLEL BRIDGES PER LADDER  .
  1  0  0  2  1  0  0  0  0  0  0  0  0  0  0  0  0  0  0  0  0  0  0  0  0  0  0  0  0  0    LADDERS PER SHEET                .
  #  RESIDUE AA STRUCTURE BP1 BP2  ACC     N-H-->O    O-->H-N    N-H-->O    O-->H-N    TCO  KAPPA ALPHA  PHI   PSI    X-CA   Y-CA   Z-CA
    1    1 A M     >        0   0  197      0, 0.0     4,-1.7     0, 0.0     5,-0.1   0.000 360.0 360.0 360.0 -46.6   25.2  -14.6   -5.1
    2    2 A T  H  >  +     0   0   82      2,-0.2     4,-2.4     1,-0.2     5,-0.2   0.887 360.0  53.4 -60.7 -43.1   23.7  -11.1   -5.9
    3    3 A A  H  > S+     0   0   46      1,-0.2     4,-2.6     2,-0.2    -1,-0.2   0.941 108.5  49.6 -58.5 -47.3   21.2  -12.3   -8.6
    4    4 A I  H  > S+     0   0  107      1,-0.2     4,-2.4     2,-0.2    -1,-0.2   0.901 111.9  49.3 -58.0 -43.1   19.7  -15.0   -6.3
    5    5 A I  H  X S+     0   0   68     -4,-1.7     4,-2.0     2,-0.2    -1,-0.2   0.925 111.0  49.1 -64.4 -44.0   19.2  -12.3   -3.5
    6    6 A K  H  X S+     0   0   24     -4,-2.4     4,-2.0    39,-0.3    -2,-0.2   0.899 111.0  50.2 -62.2 -41.5   17.6   -9.9   -6.0
    7    7 A E  H  X S+     0   0   91     -4,-2.6     4,-1.9     2,-0.2    -2,-0.2   0.937 109.0  51.4 -62.3 -45.2   15.2  -12.7   -7.3
    8    8 A I  H  < S+     0   0  114     -4,-2.4    -2,-0.2     1,-0.2    -1,-0.2   0.884 111.4  48.3 -57.8 -41.3   14.2  -13.5   -3.6
    9    9 A V  H  < S+     0   0   50     -4,-2.0    -1,-0.2     1,-0.2    -2,-0.2   0.852 112.4  48.0 -71.5 -34.6   13.4   -9.8   -3.0
   10   10 A S  H >< S+     0   0    2     -4,-2.0     3,-2.0     1,-0.2    -2,-0.2   0.781  83.6 171.7 -74.4 -23.9   11.4   -9.6   -6.2
   11   11 A R  T 3< S-     0   0  146     -4,-1.9    -1,-0.2     1,-0.3    -2,-0.1  -0.293  70.9  -4.2  49.8-123.9    9.4  -12.8   -5.4
   12   12 A N  T 3  S+     0   0   65     -4,-0.1   149,-2.6     2,-0.1   150,-0.4   0.301 104.6 117.8 -82.6   5.9    6.5  -13.2   -7.9
   13   13 A K  B><  S-A  160   0A  17     -3,-2.0     2,-0.4   147,-0.2   147,-0.3  -0.509  73.3-110.9 -71.4 145.2    7.2   -9.8   -9.7
   14   14 A R  PP    -     0   0  113    145,-2.5     2,-0.3    -2,-0.2    11,-0.2  -0.662  36.9-155.9 -75.3 123.8    8.1   -9.9  -13.4
   15   15 A R  P<    -     0   0   34     -2,-0.4     2,-0.6     9,-0.2     9,-0.2  -0.760  19.6-117.8 -97.0 149.9   11.8   -8.9  -13.8
   16   16 A Y  B     +B   23   0B  25      7,-2.8     7,-2.5    -2,-0.3    10,-0.1  -0.838  39.1 168.8 -84.6 115.1   13.4   -7.4  -16.9
   17   17 A Q        +     0   0   95     -2,-0.6     2,-0.3     5,-0.2     5,-0.2  -0.435  34.7 107.4-127.9  49.7   16.1  -10.0  -17.8
   18   18 A E    >   +     0   0  120      1,-0.1     3,-2.4     3,-0.1    -2,-0.0  -0.882  68.7  16.1-128.9 158.3   17.3   -8.8  -21.3
   19   19 A D  T 3  S-     0   0  108      1,-0.3    -1,-0.1    -2,-0.3     3,-0.1   0.762 131.2 -53.8  51.6  32.8   20.4   -7.1  -22.9
   20   20 A G  T 3  S+     0   0   78      1,-0.3     2,-0.3    -3,-0.1    -1,-0.3   0.545 110.9 122.0  78.8   8.9   22.6   -7.8  -19.8
   21   21 A F    <   -     0   0   18     -3,-2.4    -1,-0.3     2,-0.1     2,-0.3  -0.810  39.0-175.9 -97.1 144.2   20.1   -6.2  -17.4
   22   22 A D        +     0   0   39     -2,-0.3     2,-0.4    -5,-0.2    -5,-0.2  -0.792  30.1 154.3-134.6  87.9   18.5   -8.0  -14.4
   23   23 A L  B     -B   16   0B   0     -7,-2.5    -7,-2.8    -2,-0.3     2,-2.0  -0.937  56.8-122.4-121.7 138.5   16.1   -5.4  -12.9
   24   24 A D  S    S+     0   0   10     -2,-0.4    12,-2.8    -9,-0.2     2,-0.3  -0.609  76.6 123.0 -70.8  79.1   12.9   -5.5  -10.9
   25   25 A L  E     -C   35   0C   1     -2,-2.0     2,-0.3    10,-0.2    10,-0.2  -0.988  39.4-176.3-149.0 139.1   11.3   -3.5  -13.7
   26   26 A T  E     -C   34   0C  15      8,-2.3     8,-3.0    -2,-0.3     2,-0.7  -0.974  26.8-130.6-143.7 131.6    8.2   -4.2  -16.0
   27   27 A Y  E     -C   33   0C  61     -2,-0.3     6,-0.3     6,-0.2    94,-0.0  -0.735  21.4-179.9 -73.4 111.7    6.7   -2.3  -18.9
   28   28 A I  E    S-     0   0C   7      4,-2.7    -1,-0.2    -2,-0.7     5,-0.2   0.860  84.2  -0.3 -76.1 -41.1    3.0   -2.1  -18.1
   29   29 A Y  E >  S-C   32   0C  63      3,-1.7     3,-1.6    -3,-0.1    -1,-0.4  -0.899  91.6 -97.9-131.5 164.6    2.7   -0.3  -21.4
   30   30 A P  T 3  S+     0   0  105      0, 0.0     3,-0.0     0, 0.0    -2,-0.0   0.834 129.1  33.4 -51.6 -33.2    5.5    0.5  -23.9
   31   31 A N  T 3  S+     0   0   51      1,-0.1    89,-2.6    88,-0.1     2,-0.5   0.316 111.1  73.0-104.0   4.2    5.7    4.1  -22.4
   32   32 A I  E <   -Cd  29 120C   4     -3,-1.6    -4,-2.7    87,-0.2    -3,-1.7  -0.930  60.1-172.5-129.2 112.5    4.8    3.1  -18.7
   33   33 A I  E     -Cd  27 121C   0     87,-3.3    89,-3.0    -2,-0.5     2,-0.5  -0.856  10.1-161.6-104.2 130.8    7.3    1.3  -16.5
   34   34 A A  E     +Cd  26 122C   0     -8,-3.0    -8,-2.3    -2,-0.5     2,-0.3  -0.948  28.4 165.2-102.0 128.0    6.6   -0.1  -13.0
   35   35 A M  E     -Cd  25 123C   0     87,-2.1    89,-0.9    -2,-0.5   -10,-0.2  -0.925  37.5-107.0-140.8 160.9    9.8   -0.7  -11.0
   36   36 A G        -     0   0    2    -12,-2.8    90,-0.2    -2,-0.3    89,-0.2  -0.382  64.6 -64.9 -72.3 165.1   11.3   -1.4   -7.6
   37   37 A F        -     0   0    6     88,-2.3     2,-1.2     1,-0.1    11,-0.8  -0.318  44.2-125.6 -57.6 129.4   13.2    1.3   -5.7
   38   38 A P  E     -g   48   0D   0      0, 0.0     2,-0.2     0, 0.0    11,-0.2  -0.659  41.9-158.3 -76.3  95.3   16.5    2.5   -7.4
   39   39 A A  E     -g   49   0D   0      9,-2.6    11,-2.3    -2,-1.2    12,-0.3  -0.569  11.0-140.7 -86.6 143.6   18.7    1.8   -4.4
   40   40 A E    >>  -     0   0   65     -2,-0.2     3,-1.4     9,-0.2     4,-0.5  -0.638  60.4 -22.8 -91.9 155.8   22.2    3.3   -3.6
   41   41 A R  G >4 S+     0   0  222      1,-0.2     3,-0.8    -2,-0.2     4,-0.2  -0.142 130.0   1.2  55.3-132.2   25.2    1.5   -2.0
   42   42 A L  G >4 S+     0   0  146      1,-0.2     3,-1.2     2,-0.2     4,-0.4   0.766 127.5  63.1 -63.2 -28.3   24.4   -1.7    0.0
   43   43 A E  G X> S+     0   0   42     -3,-1.4     4,-1.4     1,-0.2     3,-1.0   0.853  94.3  63.5 -69.7 -27.1   20.6   -1.5   -0.6
   44   44 A G  G << S+     0   0    4     -3,-0.8    -1,-0.2    -4,-0.5     5,-0.2   0.589  86.9  72.9 -69.6 -10.9   21.4   -2.0   -4.4
   45   45 A V  G <4 S+     0   0   63     -3,-1.2   -39,-0.3    -4,-0.2    -1,-0.2   0.839 115.2  20.7 -69.2 -33.7   22.8   -5.5   -3.6
   46   46 A Y  T <4 S+     0   0   85     -3,-1.0    -2,-0.2    -4,-0.4   -37,-0.2   0.480 131.3  41.2-117.8  -9.7   19.3   -6.8   -3.0
   47   47 A R  S  < S-     0   0   32     -4,-1.4     2,-0.4     1,-0.1   -41,-0.1  -0.467 110.6 -55.6-113.4-169.4   17.2   -4.2   -5.0
   48   48 A N  E     -g   38   0D   2    -11,-0.8    -9,-2.6    -2,-0.2     2,-0.4  -0.646  55.0-127.3 -66.0 124.8   17.8   -2.4   -8.3
   49   49 A N  E  >  -g   39   0D  46     -2,-0.4     4,-1.7    -5,-0.2     3,-0.5  -0.677  15.5-134.4 -70.2 127.7   21.2   -0.7   -8.3
   50   50 A I  H  > S+     0   0    1    -11,-2.3     4,-2.6    -2,-0.4     5,-0.1   0.861 103.9  54.9 -53.6 -38.0   20.5    3.0   -9.2
   51   51 A D  H  > S+     0   0   87    -12,-0.3     4,-2.6     1,-0.2    -1,-0.2   0.855 107.2  49.8 -71.1 -32.1   23.5    3.0  -11.7
   52   52 A D  H  > S+     0   0   39     -3,-0.5     4,-2.2     2,-0.2    -1,-0.2   0.868 111.5  49.6 -69.2 -36.2   22.1   -0.1  -13.5
   53   53 A V  H  X S+     0   0    0     -4,-1.7     4,-2.7     2,-0.2    -2,-0.2   0.915 112.1  47.4 -68.4 -43.0   18.6    1.7  -13.8
   54   54 A V  H  X S+     0   0   23     -4,-2.6     4,-3.0     2,-0.2     5,-0.3   0.970 112.9  48.8 -60.3 -51.0   20.3    4.9  -15.1
   55   55 A R  H  X S+     0   0  127     -4,-2.6     4,-1.8     1,-0.2    -2,-0.2   0.876 113.3  48.8 -55.5 -42.8   22.3    2.8  -17.7
   56   56 A F  H  X S+     0   0    0     -4,-2.2     4,-2.0     2,-0.2     5,-0.3   0.970 114.6  42.6 -60.4 -55.3   19.1    1.0  -18.7
   57   57 A L  H  X S+     0   0    0     -4,-2.7     4,-2.8     1,-0.2     7,-0.2   0.884 116.4  47.7 -65.5 -39.6   17.0    4.2  -19.1
   58   58 A D  H  X S+     0   0   55     -4,-3.0     4,-0.5     1,-0.2    -1,-0.2   0.829 114.1  48.1 -69.3 -32.3   19.8    6.1  -20.9
   59   59 A S  H  < S+     0   0   73     -4,-1.8    -2,-0.2    -5,-0.3    -1,-0.2   0.838 127.1  24.6 -74.5 -33.6   20.4    3.0  -23.2
   60   60 A K  H  < S+     0   0   89     -4,-2.0    -2,-0.2    -5,-0.1    -3,-0.2   0.795 138.6  21.3-100.2 -35.3   16.7    2.5  -24.1
   61   61 A H  H >X S-     0   0   32     -4,-2.8     3,-2.7    -5,-0.3     4,-0.5  -0.310  75.9-174.9-135.6  38.7   15.0    5.9  -23.6
   62   62 A K  T 3< S-     0   0  142     -4,-0.5    -4,-0.1     1,-0.3    -3,-0.0  -0.205  79.3 -10.0 -46.7 123.1   17.9    8.5  -23.8
   63   63 A N  T 34 S+     0   0  101      1,-0.1    -1,-0.3     2,-0.1    -5,-0.1   0.438 123.2  86.8  59.8   9.5   16.5   12.0  -23.0
   64   64 A H  T <4  +     0   0   57     -3,-2.7    55,-3.0    -7,-0.2     2,-0.4   0.218  66.1  92.3-122.3  13.0   12.9   10.5  -23.2
   65   65 A Y  E  <  -e  119   0C   0     -4,-0.5     2,-0.3    53,-0.2    55,-0.2  -0.872  45.5-171.6-109.3 147.4   12.3    9.2  -19.6
   66   66 A K  E     -e  120   0C  41     53,-2.1    55,-2.9    -2,-0.4     2,-0.4  -0.987  17.6-139.3-127.5 140.4   10.8   10.8  -16.4
   67   67 A I  E     -ef 121  85C   0     17,-3.0    19,-3.0    -2,-0.3     2,-0.5  -0.834   7.8-161.1-100.2 138.4   10.8    9.2  -12.9
   68   68 A Y  E     -ef 122  86C   0     53,-2.6    55,-2.6    -2,-0.4     2,-0.6  -0.950   8.2-160.6-119.0 108.6    7.9    9.3  -10.5
   69   69 A N  E     +ef 123  87C   2     17,-2.8    19,-2.2    -2,-0.5    55,-0.2  -0.817  14.9 176.5 -92.6 116.6    8.9    8.5   -6.8
   70   70 A L  E     +     0   0C   0     53,-2.6    20,-2.1    -2,-0.6     2,-0.6   0.313  43.0 117.2 -97.1   0.8    6.0    7.4   -4.6
   71   71 A C  E     - f   0  90C   1     52,-0.2    20,-0.1    18,-0.2     3,-0.1  -0.662  37.8-179.2 -76.5 121.2    8.1    6.8   -1.5
   72   72 A A  S    S+     0   0   33     18,-0.9    -1,-0.2    -2,-0.6    19,-0.1   0.697  90.0  46.0 -74.9 -23.6    7.4    9.0    1.6
   73   73 A E  S    S+     0   0   75     17,-0.2     2,-0.3     1,-0.1    -1,-0.1   0.424 110.5  48.4-104.5  -6.5   10.3    7.1    3.3
   74   74 A R        +     0   0   48     -3,-0.1     2,-0.3     2,-0.0    -3,-0.2  -0.980  49.9 170.2-145.5 137.7   13.1    7.1    0.7
   75   75 A H        -     0   0  111     -2,-0.3     2,-0.3    -3,-0.1    -3,-0.0  -0.819   8.3-168.4-132.8 167.0   14.9    9.5   -1.6
   76   76 A Y        -     0   0   20     -2,-0.3     2,-0.7   -37,-0.1   -37,-0.1  -0.912  47.0 -67.6-145.1 169.0   18.0    9.4   -3.8
   77   77 A D    >   -     0   0   90     -2,-0.3     3,-1.1     1,-0.2     4,-0.2  -0.518  40.4-161.0 -65.5 110.1   20.2   11.9   -5.7
   78   78 A T  G > >S+     0   0   50     -2,-0.7     3,-1.8     1,-0.2     5,-1.4   0.715  82.3  77.7 -68.3 -18.6   17.9   13.1   -8.5
   79   79 A A  G > 5S+     0   0   53      1,-0.3     3,-1.5     3,-0.2    -1,-0.2   0.831  82.2  67.8 -61.6 -28.4   20.9   14.4  -10.5
   80   80 A K  G < 5S+     0   0   64     -3,-1.1    -1,-0.3     1,-0.3    -2,-0.2   0.714 101.3  48.2 -60.1 -22.4   21.5   10.7  -11.5
   81   81 A F  G X 5S-     0   0    0     -3,-1.8     3,-2.0    -4,-0.2    -1,-0.3  -0.131 125.9 -97.8-110.5  32.5   18.3   10.9  -13.5
   82   82 A N  T < 5S-     0   0   85     -3,-1.5    -3,-0.2     1,-0.3    -2,-0.1   0.836  71.8 -71.8  54.1  33.4   19.0   14.2  -15.4
   83   83 A C  T 3 <S+     0   0   94     -5,-1.4     2,-1.1     1,-0.2    -1,-0.3   0.550 102.3 130.2  58.0  15.0   16.9   16.0  -12.7
   84   84 A R    <   +     0   0   52     -3,-2.0   -17,-3.0    -6,-0.3     2,-0.5  -0.470  31.0 126.2 -93.9  61.7   13.6   14.5  -14.3
   85   85 A V  E     -f   67   0C  26     -2,-1.1     2,-0.3   -19,-0.2   -17,-0.2  -0.973  38.9-168.2-123.1 116.2   12.2   13.2  -11.0
   86   86 A A  E     -f   68   0C  12    -19,-3.0   -17,-2.8    -2,-0.5     2,-0.5  -0.763  14.2-142.2 -96.2 148.0    8.7   14.1   -9.8
   87   87 A Q  E     +f   69   0C 100     -2,-0.3   -17,-0.2   -19,-0.2   -19,-0.1  -0.956  31.3 160.4-119.6 122.1    7.6   13.2   -6.2
   88   88 A Y  E     -     0   0C  33    -19,-2.2     2,-0.2    -2,-0.5   -16,-0.1  -0.646  30.6-170.6-130.9  65.8    4.1   12.0   -5.2
   89   89 A P  E     +     0   0C  61      0, 0.0     2,-0.3     0, 0.0   -18,-0.2  -0.421  15.3 161.0 -74.5 138.4    4.9   10.4   -1.8
   90   90 A F  E     -f   71   0C  13    -20,-2.1   -18,-0.9    -2,-0.2   -17,-0.2  -0.989  43.6 -83.4-149.6 157.1    2.6    8.3    0.3
   91   91 A E    >   -     0   0   79     -2,-0.3     3,-1.8     4,-0.2   -20,-0.0  -0.163  51.6 -95.2 -61.6 143.8    3.1    5.8    3.2
   92   92 A D  T 3  S+     0   0   21      1,-0.3    -1,-0.1    37,-0.0   -21,-0.0  -0.247 107.9   9.3 -58.0 141.2    4.0    2.2    2.6
   93   93 A H  T 3  S+     0   0   57      1,-0.2    -1,-0.3    -3,-0.1    78,-0.1   0.495 110.8 101.3  60.7  10.6    0.9   -0.2    2.5
   94   94 A N  S <  S-     0   0   23     -3,-1.8    -1,-0.2    76,-0.1    74,-0.1  -0.720  76.6-108.2-109.5 160.5   -1.6    2.8    2.6
   95   95 A P  P>    -     0   0    8      0, 0.0    -4,-0.2     0, 0.0    76,-0.1  -0.464  42.2-103.5 -68.1 160.8   -3.6    4.4   -0.3
   96   96 A P  PP    -     0   0    2      0, 0.0     2,-0.2     0, 0.0    -6,-0.1  -0.355  48.0 -82.9 -66.8 166.3   -2.5    7.9   -1.4
   97   97 A Q  P<>>  -     0   0  101      1,-0.1     3,-1.4    -2,-0.1     4,-0.5  -0.533  44.0-120.4 -61.4 143.2   -4.5   10.9   -0.4
   98   98 A L  H >> S+     0   0    6      1,-0.3     3,-1.6     2,-0.2     4,-0.6   0.919 112.8  55.4 -59.0 -42.3   -7.5   11.1   -2.8
   99   99 A E  H 34 S+     0   0  111      1,-0.3    -1,-0.3     2,-0.2    -2,-0.0   0.638  96.7  66.9 -65.6 -15.3   -6.4   14.6   -4.0
  100  100 A L  H <> S+     0   0   37     -3,-1.4     4,-1.4     1,-0.1    -1,-0.3   0.727  90.7  65.3 -73.8 -23.6   -2.9   13.3   -4.9
  101  101 A I  H <X S+     0   0    0     -3,-1.6     4,-2.2    -4,-0.5    -2,-0.2   0.938  97.1  48.7 -72.9 -49.8   -4.3   11.1   -7.7
  102  102 A K  H  X S+     0   0   90     -4,-0.6     4,-2.4     2,-0.2     5,-0.2   0.945 112.8  45.5 -58.8 -53.6   -5.6   13.7  -10.2
  103  103 A P  H  > S+     0   0   54      0, 0.0     4,-2.5     0, 0.0     5,-0.2   0.863 113.2  52.3 -63.2 -34.2   -2.5   16.0  -10.3
  104  104 A F  H  X S+     0   0    0     -4,-1.4     4,-2.5     2,-0.2    -2,-0.2   0.922 111.1  46.7 -60.4 -46.0   -0.3   12.8  -10.6
  105  105 A C  H  X S+     0   0    0     -4,-2.2     4,-2.5     2,-0.2    -1,-0.2   0.906 113.7  48.0 -64.4 -41.3   -2.5   11.7  -13.6
  106  106 A E  H  X S+     0   0   85     -4,-2.4     4,-2.8     2,-0.2    -2,-0.2   0.905 113.4  47.0 -67.2 -42.7   -2.3   15.2  -15.2
  107  107 A D  H  X S+     0   0   34     -4,-2.5     4,-2.6     2,-0.2    -2,-0.2   0.941 114.7  47.3 -60.7 -48.8    1.5   15.4  -14.8
  108  108 A L  H  X S+     0   0    0     -4,-2.5     4,-2.3    -5,-0.2    -2,-0.2   0.895 114.5  47.0 -61.5 -40.9    1.9   11.9  -16.2
  109  109 A D  H  X S+     0   0   27     -4,-2.5     4,-1.8     2,-0.2    -2,-0.2   0.935 110.6  51.4 -67.0 -45.7   -0.4   12.7  -19.1
  110  110 A Q  H >X S+     0   0  108     -4,-2.8     4,-0.9     1,-0.2     3,-0.5   0.957 113.6  45.2 -55.5 -52.1    1.3   16.0  -19.9
  111  111 A W  H >< S+     0   0   25     -4,-2.6     3,-0.9     1,-0.2     4,-0.5   0.922 115.7  45.0 -57.1 -51.3    4.8   14.2  -19.9
  112  112 A L  H 3< S+     0   0   14     -4,-2.3    -1,-0.2     1,-0.2     6,-0.2   0.672 111.6  53.9 -71.8 -18.7    3.6   11.2  -22.1
  113  113 A S  H << S+     0   0   67     -4,-1.8    -1,-0.2    -3,-0.5    -2,-0.2   0.578  92.3  72.6 -88.9 -13.7    1.7   13.5  -24.5
  114  114 A E  S << S+     0   0  109     -4,-0.9     2,-0.3    -3,-0.9    -2,-0.2   0.782 113.2   7.8 -72.9 -30.1    4.7   15.8  -25.3
  115  115 A D    >   -     0   0   51     -4,-0.5     3,-2.1    -3,-0.1    -1,-0.2  -0.957  63.7-132.4-154.4 135.1    6.6   13.2  -27.5
  116  116 A D  T 3  S+     0   0  166     -2,-0.3    -1,-0.0     1,-0.3    -2,-0.0   0.698 111.1  55.4 -60.5 -20.7    5.6    9.7  -28.7
  117  117 A N  T 3  S+     0   0  102      2,-0.1    -1,-0.3    -3,-0.0     2,-0.1   0.480  81.2 121.1 -88.4  -7.3    9.0    8.4  -27.4
  118  118 A H    <   -     0   0   19     -3,-2.1     2,-0.4    -6,-0.2   -53,-0.2  -0.378  42.3-169.8 -65.0 137.2    8.4    9.7  -23.9
  119  119 A V  E     - e   0  65C   5    -55,-3.0   -53,-2.1   -58,-0.2     2,-0.5  -0.965  11.9-150.4-127.5 140.4    8.5    7.0  -21.1
  120  120 A A  E     -de  32  66C   0    -89,-2.6   -87,-3.3    -2,-0.4     2,-0.6  -0.953   2.7-160.7-111.0 129.3    7.5    7.2  -17.4
  121  121 A A  E     -de  33  67C   0    -55,-2.9   -53,-2.6    -2,-0.5     2,-0.5  -0.912  14.0-171.1-109.2 107.6    9.2    5.1  -14.8
  122  122 A I  E     +de  34  68C   0    -89,-3.0   -87,-2.1    -2,-0.6     2,-0.3  -0.835  12.9 166.4-104.5 128.4    6.9    4.9  -11.7
  123  123 A H  E     +de  35  69C   0    -55,-2.6   -53,-2.6    -2,-0.5   -52,-0.2  -0.958  22.5 169.9-141.8 156.4    8.3    3.3   -8.5
  124  124 A C        -     0   0    3    -89,-0.9   -53,-0.1    -2,-0.3   -87,-0.0  -0.490  66.2 -63.6-128.7-147.8    7.8    2.9   -4.8
  125  125 A K  S    S+     0   0   44     -2,-0.2   -88,-2.3   -89,-0.2   -54,-0.0   0.991 133.6  11.9 -63.5 -64.0    9.7    0.5   -2.5
  126  126 A A  S    S-     0   0   36    -90,-0.2   -90,-0.2    -3,-0.1    -1,-0.1   0.502  95.6-123.4 -96.0  -7.8    8.6   -2.8   -4.1
  127  127 A G  S    S+     0   0    0    -92,-0.1   -91,-0.1     1,-0.1    -5,-0.0   0.896  86.2  91.2  64.1  38.2    7.0   -1.4   -7.3
  128  128 A K  S  > S+     0   0   56    -93,-0.1     4,-2.5  -115,-0.0     5,-0.2   0.437  83.4  14.1-126.9 -94.9    3.7   -3.2   -6.4
  129  129 A G  H  > S+     0   0   15      2,-0.2     4,-2.3     3,-0.2    37,-0.1   0.973 130.5  37.4 -62.0 -63.3    0.8   -1.8   -4.3
  130  130 A R  H  > S+     0   0    2      1,-0.2     4,-1.7     2,-0.2     5,-0.2   0.921 121.0  47.2 -55.8 -50.1    1.5    2.0   -4.3
  131  131 A T  H  > S+     0   0    0      1,-0.2     4,-2.4     2,-0.2    -1,-0.2   0.895 110.9  52.9 -58.0 -43.8    2.8    1.9   -7.9
  132  132 A G  H  X S+     0   0    0     -4,-2.5     4,-2.9     2,-0.2     5,-0.3   0.887 105.3  53.9 -63.2 -40.6   -0.2   -0.1   -9.0
  133  133 A V  H  X S+     0   0    0     -4,-2.3     4,-2.5     2,-0.2    -2,-0.2   0.955 113.6  41.4 -56.7 -52.5   -2.7    2.4   -7.5
  134  134 A M  H  X S+     0   0    0     -4,-1.7     4,-2.2     2,-0.2    -2,-0.2   0.897 117.4  47.0 -68.2 -40.3   -1.2    5.4   -9.4
  135  135 A I  H  X S+     0   0    0     -4,-2.4     4,-2.5     2,-0.2    -1,-0.2   0.935 113.7  47.7 -65.7 -46.5   -0.8    3.4  -12.7
  136  136 A C  H  X S+     0   0    0     -4,-2.9     4,-2.0     2,-0.2    -2,-0.2   0.923 111.5  51.3 -62.2 -42.6   -4.3    2.0  -12.5
  137  137 A A  H  X S+     0   0    0     -4,-2.5     4,-2.7    -5,-0.3    -2,-0.2   0.919 111.7  47.2 -59.1 -43.7   -5.7    5.5  -11.8
  138  138 A Y  H  X S+     0   0   11     -4,-2.2     4,-2.3     2,-0.2     6,-0.2   0.901 108.9  53.4 -65.3 -41.0   -3.8    6.9  -14.8
  139  139 A L  H  <>S+     0   0    2     -4,-2.5     5,-2.5     2,-0.2     6,-0.9   0.883 113.3  44.2 -64.0 -35.1   -5.0    4.1  -17.1
  140  140 A L  H ><5S+     0   0   11     -4,-2.0     3,-2.1     3,-0.2    -2,-0.2   0.920 109.3  56.6 -68.8 -44.8   -8.6    4.9  -16.1
  141  141 A H  H 3<5S+     0   0   50     -4,-2.7    -2,-0.2     1,-0.3    -1,-0.2   0.869 110.7  44.9 -52.9 -40.4   -7.9    8.7  -16.5
  142  142 A R  T 3<5S-     0   0  127     -4,-2.3    -1,-0.3    -5,-0.1    -2,-0.2   0.258 114.7-116.7 -88.3   7.6   -6.9    8.0  -20.1
  143  143 A G  T < 5S+     0   0   48     -3,-2.1    -3,-0.2     2,-0.2    -2,-0.1   0.716  75.6 132.3  61.3  23.3   -9.9    5.7  -20.8
  144  144 A K  S   <S+     0   0  121     -5,-2.5     2,-0.3    -6,-0.2    -4,-0.2   0.787  81.8  23.7 -69.8 -28.3   -7.6    2.7  -21.4
  145  145 A F        -     0   0   36     -6,-0.9    -2,-0.2    -9,-0.1    -1,-0.2  -0.963  64.4-158.3-130.0 150.4  -10.0    0.9  -19.1
  146  146 A L  S    S+     0   0  145     -2,-0.3     2,-0.4     1,-0.1    -1,-0.1   0.674  79.9  50.6 -96.6 -24.3  -13.6    1.7  -18.3
  147  147 A K  S  > S-     0   0   81      1,-0.1     4,-1.7    36,-0.0     3,-0.3  -0.941  73.7-134.7-121.6 140.8  -13.8   -0.2  -14.9
  148  148 A A  H  > S+     0   0    4     -2,-0.4     4,-2.4     1,-0.2     5,-0.2   0.866 107.2  57.3 -56.3 -40.1  -11.4   -0.1  -11.9
  149  149 A Q  H  > S+     0   0   56      2,-0.2     4,-2.6     1,-0.2    -1,-0.2   0.913 104.8  50.9 -59.6 -43.3  -11.4   -3.9  -11.7
  150  150 A E  H  > S+     0   0   87     -3,-0.3     4,-2.7     2,-0.2     5,-0.2   0.925 112.0  46.5 -62.3 -45.8  -10.1   -4.3  -15.3
  151  151 A A  H  X S+     0   0    0     -4,-1.7     4,-2.4     1,-0.2    -1,-0.2   0.908 114.3  48.2 -62.7 -42.8   -7.2   -1.8  -14.6
  152  152 A L  H  X S+     0   0    2     -4,-2.4     4,-2.2     2,-0.2    14,-0.4   0.889 114.3  45.3 -64.3 -43.2   -6.4   -3.6  -11.3
  153  153 A D  H  X S+     0   0   82     -4,-2.6     4,-2.9     2,-0.2     5,-0.2   0.927 112.6  50.8 -70.7 -43.2   -6.4   -7.1  -12.9
  154  154 A F  H  X S+     0   0   54     -4,-2.7     4,-2.6    -5,-0.2     5,-0.3   0.941 112.3  47.1 -56.8 -49.5   -4.4   -6.0  -16.0
  155  155 A Y  H  X S+     0   0    0     -4,-2.4     4,-2.7    -5,-0.2     5,-0.3   0.921 113.1  49.6 -60.0 -44.3   -1.8   -4.4  -13.7
  156  156 A G  H  X S+     0   0    0     -4,-2.2     4,-1.9     2,-0.2     7,-0.5   0.935 113.6  45.1 -58.2 -48.9   -1.7   -7.6  -11.5
  157  157 A E  H  < S+     0   0   91     -4,-2.9    -2,-0.2     6,-0.2    -1,-0.2   0.880 119.7  39.7 -66.5 -40.6   -1.3   -9.9  -14.6
  158  158 A V  H  < S+     0   0   33     -4,-2.6    -2,-0.2    -5,-0.2    -1,-0.2   0.916 121.4  41.1 -77.4 -43.2    1.4   -7.8  -16.3
  159  159 A R  H  < S+     0   0    0     -4,-2.7  -145,-2.5    -5,-0.3     2,-0.3   0.770 120.1  34.8 -77.7 -28.0    3.4   -6.8  -13.1
  160  160 A T  B  <  -A   13   0A   1     -4,-1.9  -147,-0.2    -5,-0.3     5,-0.1  -0.789  61.3-138.8-128.9 163.1    3.3  -10.2  -11.3
  161  161 A R  S    S+     0   0  181   -149,-2.6  -148,-0.1    -2,-0.3    -1,-0.1   0.672 108.5  46.9 -88.4 -22.9    3.3  -14.0  -12.0
  162  162 A D  S    S-     0   0   51   -150,-0.4    -1,-0.1    -6,-0.1    -5,-0.1   0.172 109.2-117.9-104.7   9.5    0.6  -14.7   -9.4
  163  163 A K  S    S+     0   0  134     -7,-0.5     2,-1.7  -151,-0.2    -6,-0.2   0.482  73.5 134.4  59.6   8.3   -1.8  -11.8  -10.5
  164  164 A K        +     0   0   55     -8,-0.2     3,-0.2     1,-0.1    -1,-0.2  -0.542  18.7 135.1 -86.4  74.1   -1.3  -10.3   -7.0
  165  165 A G  S    S+     0   0    3     -2,-1.7     2,-0.9     1,-0.3    -1,-0.1   0.872  75.5   9.5 -78.1 -95.9   -0.8   -6.6   -8.1
  166  166 A V  S    S+     0   0    2    -14,-0.4    -1,-0.3     1,-0.2   -10,-0.1  -0.804  75.7 156.7 -88.3 100.3   -2.8   -4.2   -5.8
  167  167 A T        +     0   0   61     -2,-0.9    -1,-0.2    -3,-0.2    -2,-0.0   0.644  38.1  97.2-103.5 -20.8   -4.0   -6.6   -3.1
  168  168 A I    >>  -     0   0   20      1,-0.1     4,-2.3   158,-0.1     3,-0.6  -0.641  68.9-142.9 -74.7 120.2   -4.7   -4.2   -0.2
  169  169 A P  H 3> S+     0   0   12      0, 0.0     4,-3.1     0, 0.0     5,-0.2   0.876 100.1  54.0 -55.4 -40.9   -8.4   -3.4   -0.2
  170  170 A S  H 3> S+     0   0    0      2,-0.2     4,-1.3     1,-0.2   -76,-0.1   0.886 110.0  47.8 -60.9 -36.9   -7.8    0.3    0.9
  171  171 A Q  H <> S+     0   0    4     -3,-0.6     4,-1.0     2,-0.2     3,-0.2   0.933 113.6  47.1 -67.6 -43.4   -5.4    0.7   -2.1
  172  172 A R  H >X S+     0   0   55     -4,-2.3     4,-2.0     1,-0.2     3,-0.9   0.935 106.8  59.3 -60.2 -45.6   -8.0   -0.9   -4.5
  173  173 A R  H 3X S+     0   0   24     -4,-3.1     4,-2.9     1,-0.3    -1,-0.2   0.836 100.8  54.5 -53.0 -39.5  -10.8    1.3   -3.0
  174  174 A Y  H 3X S+     0   0    1     -4,-1.3     4,-2.1     2,-0.2    -1,-0.3   0.803 106.4  51.2 -72.7 -25.9   -8.9    4.5   -4.0
  175  175 A V  H <X S+     0   0    0     -4,-1.0     4,-2.6    -3,-0.9    -2,-0.2   0.922 112.7  46.8 -69.3 -42.7   -8.7    3.2   -7.7
  176  176 A Y  H  X S+     0   0   39     -4,-2.0     4,-2.2     2,-0.2    -2,-0.2   0.921 111.4  51.7 -62.1 -44.3  -12.5    2.6   -7.4
  177  177 A Y  H  X S+     0   0   14     -4,-2.9     4,-2.0     2,-0.2    -2,-0.2   0.933 112.3  45.0 -57.4 -47.9  -13.0    6.1   -5.9
  178  178 A Y  H  X S+     0   0    8     -4,-2.1     4,-2.4     1,-0.2    -2,-0.2   0.927 111.5  52.9 -66.1 -40.6  -11.0    7.7   -8.7
  179  179 A S  H  X S+     0   0   16     -4,-2.6     4,-2.7     1,-0.2    -1,-0.2   0.860 108.1  52.4 -57.4 -38.8  -12.9    5.6  -11.3
  180  180 A Y  H  X S+     0   0   30     -4,-2.2     4,-2.0     2,-0.2     6,-0.2   0.906 108.1  49.4 -66.5 -43.3  -16.2    6.9   -9.7
  181  181 A L  H  <>S+     0   0   14     -4,-2.0     5,-2.2     2,-0.2     4,-0.4   0.940 115.3  44.9 -59.3 -46.4  -15.1   10.6  -10.0
  182  182 A L  H ><5S+     0   0   54     -4,-2.4     3,-1.0     1,-0.2    -2,-0.2   0.930 113.5  48.6 -62.4 -49.9  -14.2   10.0  -13.7
  183  183 A K  H 3<5S+     0   0  106     -4,-2.7    -1,-0.2     1,-0.2    -2,-0.2   0.822 119.4  38.1 -61.4 -37.4  -17.4    8.0  -14.6
  184  184 A N  T 3<5S-     0   0   68     -4,-2.0    -1,-0.2    -5,-0.2    -2,-0.2   0.284 106.2-122.4 -99.2   5.9  -19.7   10.6  -13.0
  185  185 A H  T < 5 +     0   0  172     -3,-1.0     2,-0.4    -4,-0.4    -3,-0.2   0.860  56.9 160.6  52.2  41.4  -17.7   13.8  -14.1
  186  186 A L  P>  < -     0   0   67     -5,-2.2     2,-0.4    -6,-0.2    -1,-0.2  -0.808  38.3-144.5 -98.0 133.5  -17.3   14.8  -10.5
  187  187 A D  PP    -     0   0  133     -2,-0.4     2,-0.3     1,-0.0    -5,-0.0  -0.761  32.7-114.3 -84.9 132.5  -14.8   17.2   -9.0
  188  188 A Y  P<    +     0   0   45     -2,-0.4    -1,-0.0   -90,-0.1    -7,-0.0  -0.521  37.4 176.4 -68.3 133.0  -13.7   16.2   -5.5
  189  189 A R        -     0   0  128     -2,-0.3     2,-0.2    62,-0.0    62,-0.1  -0.994  40.0-102.6-128.0 141.0  -14.7   18.4   -2.6
  190  190 A P        -     0   0   78      0, 0.0     2,-0.6     0, 0.0    60,-0.0  -0.451  37.5-153.6 -59.1 124.9  -14.0   17.7    1.1
  191  191 A V        -     0   0   27     -2,-0.2    60,-0.6   158,-0.0     2,-0.4  -0.915   4.1-144.7-106.8 115.1  -17.3   16.5    2.7
  192  192 A A  E     +H  250   0E  45     -2,-0.6   158,-1.0    58,-0.2     2,-0.3  -0.664  27.2 170.9 -79.3 128.3  -17.7   17.1    6.4
  193  193 A L  E     -HI 249 349E   0     56,-2.8    56,-2.7    -2,-0.4     2,-0.5  -0.903  34.4-123.7-129.1 160.0  -19.6   14.3    8.3
  194  194 A L  E     -HI 248 348E  48    154,-3.0   154,-1.9    -2,-0.3     2,-0.6  -0.944  23.6-148.2-101.0 122.6  -20.4   13.4   11.9
  195  195 A F  E     +HI 247 347E   0     52,-3.0    52,-2.7    -2,-0.5   152,-0.2  -0.827  22.7 171.8 -94.8 114.3  -19.3    9.8   12.7
  196  196 A H  E     -     0   0E  26    150,-2.7    47,-2.3    -2,-0.6     2,-0.3   0.879  51.3 -27.2 -94.9 -45.4  -21.7    8.3   15.3
  197  197 A K  E     -HI 242 346E  34    149,-1.0   149,-2.4    45,-0.2     2,-0.3  -0.991  42.0-133.1-163.2 164.0  -20.8    4.6   15.6
  198  198 A M  E     -HI 241 345E   0     43,-1.9    43,-2.6    -2,-0.3     2,-0.4  -0.931  19.8-161.6-121.1 154.3  -19.5    1.4   14.2
  199  199 A M  E     -HI 240 344E  12    145,-2.2   145,-2.7    -2,-0.3     2,-0.4  -0.996   9.3-149.5-137.7 132.8  -21.1   -2.1   14.4
  200  200 A F  E     -HI 239 343E   0     39,-2.9    39,-1.4    -2,-0.4   143,-0.2  -0.850   4.6-156.2 -93.0 135.3  -19.7   -5.6   13.9
  201  201 A E  S    S+     0   0   37    141,-2.0     2,-0.3    -2,-0.4    -1,-0.1   0.677  81.5  23.1 -82.2 -20.8  -22.1   -8.3   12.5
  202  202 A T  S    S-     0   0   16    140,-0.4    37,-0.1    37,-0.1    -1,-0.1  -0.971  88.6-101.5-139.6 161.6  -20.0  -11.1   14.0
  203  203 A I        -     0   0   24     -2,-0.3   135,-0.2     6,-0.1     2,-0.1  -0.678  33.1-126.5 -85.9 122.8  -17.5  -11.5   16.9
  204  204 A P        -     0   0    0      0, 0.0     2,-0.5     0, 0.0     3,-0.3  -0.436  16.5-138.7 -63.8 145.0  -13.7  -11.6   16.0
  205  205 A M        +     0   0   73    131,-2.7     4,-0.3     1,-0.2     6,-0.2  -0.433  53.3 133.3-110.8  53.1  -12.0  -14.7   17.5
  206  206 A F  S    S+     0   0   38     -2,-0.5     2,-0.3     4,-0.4     5,-0.2   0.781  78.8  16.4 -77.0 -27.6   -8.6  -13.4   18.8
  207  207 A S  B >  S-M  210   0F  58      3,-3.0     3,-1.7    -3,-0.3    -1,-0.3  -0.917 135.0 -19.5-151.1 117.9   -8.8  -15.1   22.3
  208  208 A G  T 3  S-     0   0   87     -2,-0.3     3,-0.1     1,-0.3    -2,-0.1   0.832 124.7 -52.1  57.9  36.4  -11.0  -18.0   23.4
  209  209 A G  T 3  S+     0   0   50     -4,-0.3    -1,-0.3     1,-0.3     2,-0.2   0.554 129.0  70.1  75.3   9.2  -13.6  -17.4   20.5
  210  210 A T  B <   -M  207   0F  47     -3,-1.7    -3,-3.0    -5,-0.1    -4,-0.4  -0.793  66.4-138.7-136.8-178.2  -13.9  -13.7   21.5
  211  211 A C        -     0   0   11     -2,-0.2    48,-0.1    -5,-0.2    -6,-0.0  -0.980  14.9-139.4-140.2 159.8  -11.9  -10.4   21.4
  212  212 A N        -     0   0   43     -2,-0.3    48,-2.8    18,-0.1     2,-0.2  -0.887  40.5-158.8-110.8  85.6  -11.2   -7.3   23.5
  213  213 A P  E     +N  259   0G   0      0, 0.0    17,-3.0     0, 0.0     2,-0.3  -0.455  20.4 174.5 -75.6 144.3  -11.3   -4.7   20.8
  214  214 A Q  E     -N  258   0G  30     44,-2.3    44,-3.2    15,-0.2     2,-0.3  -0.979  12.9-163.7-136.6 144.6   -9.8   -1.2   20.9
  215  215 A F  E     -N  257   0G   4     13,-0.4    12,-2.8    -2,-0.3     2,-0.4  -0.911  14.0-156.5-132.7 158.7   -9.7    1.3   18.0
  216  216 A V  E     -NO 256 226G  17     40,-2.0    40,-2.5    -2,-0.3     2,-0.5  -0.992  10.1-153.6-126.1 137.2   -8.0    4.5   16.8
  217  217 A V  E     -NO 255 225G   0      8,-2.3     8,-1.8    -2,-0.4     7,-1.7  -0.964  14.8-175.3-110.1 128.0   -9.4    7.0   14.2
  218  218 A C  E     -NO 254 223G  28     36,-2.9    36,-3.0    -2,-0.5     2,-0.5  -0.973  18.9-156.6-118.5 138.9   -6.9    9.1   12.2
  219  219 A Q  E >  S-NO 253 222G  56      3,-2.5     3,-2.2    -2,-0.4    34,-0.2  -0.982  79.3 -41.8-107.7 120.2   -7.7   11.9    9.7
  220  220 A L  T 3  S-     0   0   80     32,-2.0    34,-0.1    -2,-0.5    -2,-0.0  -0.411 126.1 -27.5  52.6-121.9   -4.6   12.0    7.5
  221  221 A K  T 3  S+     0   0  161     -2,-0.2     2,-0.5    -3,-0.1    -1,-0.3   0.448 118.3 101.3 -94.7  -2.9   -1.7   11.6   10.0
  222  222 A V  E <   -O  219   0G  96     -3,-2.2    -3,-2.5     1,-0.0     2,-0.8  -0.740  69.4-138.0 -92.4 122.4   -3.6   13.2   12.9
  223  223 A K  E     +O  218   0G 137     -2,-0.5    -5,-0.3    -5,-0.2     3,-0.1  -0.716  27.8 172.8 -74.6 109.4   -5.1   10.8   15.6
  224  224 A I  E     +     0   0G  57     -7,-1.7     2,-0.3    -2,-0.8    -6,-0.2   0.627  62.3  19.7 -97.4 -19.0   -8.5   12.4   16.2
  225  225 A Y  E     -O  217   0G  56     -8,-1.8    -8,-2.3    22,-0.1     2,-0.4  -0.992  52.0-173.9-151.6 146.6   -9.9    9.6   18.5
  226  226 A S  E     -O  216   0G  63     -2,-0.3   -10,-0.2   -10,-0.2     2,-0.1  -0.966  23.2-142.0-138.0 123.3   -8.7    6.7   20.7
  227  227 A S  P>    -     0   0    7    -12,-2.8     2,-0.1    -2,-0.4     3,-0.1  -0.372  14.6-114.2 -79.4 158.2  -11.2    4.3   22.3
  228  228 A N  PP    -     0   0  146      1,-0.1   -13,-0.4    -2,-0.1     2,-0.3  -0.283  53.5 -81.8 -66.3 166.8  -11.3    2.6   25.6
  229  229 A S  S<   S+     0   0   48    -15,-0.1   -15,-0.2    -2,-0.1    -1,-0.1  -0.667  95.1  30.0 -79.0 139.1  -10.9   -1.3   25.5
  230  230 A G  S    S-     0   0   20    -17,-3.0     2,-0.1    -2,-0.3   -18,-0.1  -0.060  93.7 -70.5  97.6 157.2  -14.1   -3.2   24.8
  231  231 A P        -     0   0   40      0, 0.0    10,-0.2     0, 0.0     3,-0.1  -0.462  35.6-126.0 -70.1 157.0  -17.3   -2.5   22.8
  232  232 A T  S    S+     0   0   79      8,-1.9     2,-0.3     1,-0.3     9,-0.2   0.873  95.7   4.9 -68.5 -36.0  -19.8    0.1   24.1
  233  233 A R  E     -J  240   0E 102      7,-1.0     7,-3.0     2,-0.0     2,-0.4  -0.992  65.2-159.4-147.6 145.6  -22.5   -2.5   23.8
  234  234 A R  E     -J  239   0E 131     -2,-0.3     2,-0.4     5,-0.2     5,-0.2  -0.999   6.9-178.3-128.6 131.8  -22.7   -6.2   22.9
  235  235 A E  E >   -J  238   0E  77      3,-2.2     3,-3.0    -2,-0.4     2,-0.3  -0.927  60.1 -72.9-131.4  99.6  -25.8   -8.1   21.6
  236  236 A D  T 3  S-     0   0  139     -2,-0.4   -34,-0.0     1,-0.3    -1,-0.0  -0.298 123.8  -0.1  51.4-105.1  -25.2  -11.8   21.0
  237  237 A K  T 3  S+     0   0  105     -2,-0.3     2,-0.3   -36,-0.1    -1,-0.3   0.500 120.5  88.9 -86.8  -8.1  -23.2  -11.8   17.7
  238  238 A F  E <   - J   0 235E  59     -3,-3.0    -3,-2.2   -36,-0.1     2,-0.4  -0.733  53.4-167.9 -98.8 140.2  -23.1   -7.9   17.4
  239  239 A M  E     -HJ 200 234E   3    -39,-1.4   -39,-2.9    -2,-0.3     2,-0.3  -0.997   9.3-157.3-123.1 131.7  -20.6   -5.4   18.9
  240  240 A Y  E     -HJ 199 233E  28     -7,-3.0    -8,-1.9    -2,-0.4    -7,-1.0  -0.817  10.1-167.9-108.8 145.7  -21.2   -1.7   18.9
  241  241 A F  E     -H  198   0E   2    -43,-2.6   -43,-1.9    -2,-0.3     2,-0.4  -0.841  17.3-178.2-133.2  87.5  -18.6    1.1   19.1
  242  242 A E  E     -H  197   0E  73     -2,-0.4   -45,-0.2   -45,-0.2   -46,-0.1  -0.755  24.6-130.1 -93.1 134.4  -20.4    4.4   19.9
  243  243 A F  E     -     0   0E  15    -47,-2.3   -16,-0.0    -2,-0.4    -2,-0.0  -0.658  18.7-128.5 -75.5 139.4  -18.6    7.8   20.1
  244  244 A P  E    S+     0   0E 114      0, 0.0    -1,-0.1     0, 0.0   -48,-0.0   0.841 101.4  11.9 -57.5 -34.4  -19.6    9.7   23.4
  245  245 A Q  E    S-     0   0E 158    -50,-0.1   -50,-0.1   -49,-0.0     2,-0.0  -0.967 109.1 -84.9-132.8 146.2  -20.2   12.6   21.0
  246  246 A P  E>    -     0   0E  54      0, 0.0   -50,-0.2     0, 0.0   101,-0.0  -0.298  48.8-125.3 -53.9 126.7  -20.4   12.3   17.2
  247  247 A L  EP    -H  195   0E  21    -52,-2.7   -52,-3.0     1,-0.0     2,-0.2  -0.675  17.0-127.6 -80.9 119.0  -16.8   12.6   15.9
  248  248 A P  E<    +H  194   0E  91      0, 0.0     2,-0.3     0, 0.0   -54,-0.2  -0.500  36.8 177.1 -65.1 128.6  -16.3   15.3   13.2
  249  249 A V  E     +H  193   0E   4    -56,-2.7   -56,-2.8    -2,-0.2     2,-0.3  -0.985  12.1 174.9-136.1 145.1  -14.6   13.7   10.1
  250  250 A C  E     -H  192   0E  36     -2,-0.3     2,-0.2   -58,-0.2   -58,-0.2  -0.964  51.7 -20.9-152.8 135.6  -13.6   15.1    6.7
  251  251 A G  S    S+     0   0    7    -60,-0.6    26,-1.9    -2,-0.3     2,-0.6  -0.467 114.1  17.4  72.8-137.9  -11.7   13.6    3.7
  252  252 A D  E    S- P   0 276G   7     24,-0.2   -32,-2.0    -2,-0.2     2,-0.4  -0.603  70.9-178.5 -77.8 113.8   -9.4   10.6    4.1
  253  253 A I  E     -NP 219 275G   0     22,-2.9    22,-2.3    -2,-0.6     2,-0.5  -0.919  13.1-159.4-115.5 137.3  -10.0    8.7    7.4
  254  254 A K  E     -NP 218 274G  36    -36,-3.0   -36,-2.9    -2,-0.4     2,-0.4  -0.954   3.8-169.6-109.9 132.5   -8.2    5.7    8.8
  255  255 A V  E     -NP 217 273G   0     18,-2.4    18,-1.9    -2,-0.5     2,-0.4  -0.985   6.7-173.2-118.1 127.1   -9.8    3.4   11.4
  256  256 A E  E     -NP 216 272G  23    -40,-2.5   -40,-2.0    -2,-0.4     2,-0.3  -0.980   6.6-157.7-125.1 121.7   -7.4    0.8   13.0
  257  257 A F  E     -NP 215 271G   0     14,-2.7    13,-2.5    -2,-0.4    14,-0.7  -0.763  10.0-172.9 -98.3 143.6   -8.7   -2.0   15.4
  258  258 A F  E     -NP 214 269G  13    -44,-3.2   -44,-2.3    -2,-0.3     2,-0.6  -0.972  23.1-130.9-132.9 146.0   -6.6   -3.8   17.9
  259  259 A H  E     -NP 213 268G   8      9,-3.1     9,-2.6    -2,-0.3     2,-0.8  -0.878  20.8-151.9 -93.5 121.5   -7.1   -6.7   20.3
  260  260 A K  E     - P   0 267G  94    -48,-2.8     2,-0.2    -2,-0.6     7,-0.1  -0.847  10.8-150.5 -95.8 105.4   -5.9   -5.9   23.8
  261  261 A Q    >   -     0   0   76     -2,-0.8     3,-1.4     5,-0.6     2,-0.1  -0.514  28.0-101.1 -72.7 137.5   -4.8   -9.1   25.6
  262  262 A N  T 3  S+     0   0  132      1,-0.2    -1,-0.1    -2,-0.2     3,-0.1  -0.405 103.3   7.0 -59.1 133.2   -5.2   -9.1   29.4
  263  263 A K  T 3  S+     0   0  216      1,-0.2     2,-0.4    -2,-0.1    -1,-0.2   0.310 105.7 104.6  73.0   0.4   -1.9   -8.5   31.2
  264  264 A M    <   -     0   0  116     -3,-1.4    -1,-0.2     2,-0.1    -3,-0.1  -0.896  59.2-152.4-110.5 140.1    0.2   -7.6   28.1
  265  265 A L  S    S+     0   0  189     -2,-0.4     2,-0.4    -3,-0.1    -1,-0.1   0.761  77.4  89.2 -71.2 -28.3    1.3   -4.1   27.0
  266  266 A K  P>    -     0   0  159     -6,-0.0    -5,-0.6     1,-0.0     2,-0.4  -0.610  66.2-155.2 -77.5 127.4    1.4   -5.3   23.3
  267  267 A K  EP    -P  260   0G  78     -2,-0.4     2,-0.4    -7,-0.1    -7,-0.2  -0.856  15.3-129.4 -96.7 138.3   -1.9   -4.9   21.4
  268  268 A D  EP    -P  259   0G  62     -9,-2.6    -9,-3.1    -2,-0.4     2,-0.4  -0.737  22.4-118.5 -88.6 129.5   -2.5   -7.2   18.4
  269  269 A K  E<    +P  258   0G 102     -2,-0.4   -11,-0.3   -11,-0.2     3,-0.1  -0.565  31.8 179.9 -65.0 123.4   -3.5   -5.6   15.1
  270  270 A M  E     -     0   0G   1    -13,-2.5     2,-0.3    -2,-0.4   -12,-0.2   0.946  55.2 -55.3 -84.3 -67.1   -7.0   -6.9   14.1
  271  271 A F  E     -P  257   0G   1    -14,-0.7   -14,-2.7    56,-0.1    -1,-0.4  -0.949  48.0-156.6-162.7 167.8   -7.6   -5.0   10.9
  272  272 A H  E     -PQ 256 326G  33     54,-1.6    54,-2.3    -2,-0.3     2,-0.3  -0.937   5.1-167.6-143.7 172.4   -7.8   -1.5    9.5
  273  273 A F  E     -P  255   0G   0    -18,-1.9   -18,-2.4    -2,-0.3     2,-0.4  -0.975  14.0-141.5-155.1 154.5   -9.4    0.4    6.6
  274  274 A W  E     +P  254   0G  28     -2,-0.3     2,-0.3   -20,-0.2   -20,-0.2  -0.967  25.3 169.2-110.9 137.0   -9.2    3.8    4.8
  275  275 A V  E     -P  253   0G   0    -22,-2.3   -22,-2.9    -2,-0.4     2,-0.4  -0.949  27.1-134.6-136.6 159.2  -12.3    5.5    3.5
  276  276 A N  E >   -P  252   0G   0     -2,-0.3     3,-1.4   -24,-0.2   -24,-0.2  -0.971  15.0-136.9-115.9 131.9  -13.0    9.0    2.1
  277  277 A T  G >  S+     0   0    0    -26,-1.9     3,-1.3    -2,-0.4    -1,-0.1   0.711  97.1  71.5 -62.3 -22.3  -16.1   10.9    3.4
  278  278 A F  G 3  S+     0   0   26      1,-0.2    -1,-0.3     2,-0.2   -86,-0.0   0.829  97.5  49.5 -60.7 -33.9  -17.0   12.1   -0.2
  279  279 A F  G <  S+     0   0   12     -3,-1.4    -1,-0.2     1,-0.2    -2,-0.2   0.231  92.9  77.6 -93.2   8.9  -18.1    8.6   -1.2
  280  280 A I  S <  S+     0   0    2     -3,-1.3     2,-0.4    -4,-0.1    -1,-0.2   0.895  78.5  71.8 -87.3 -46.6  -20.4    8.0    1.9
  281  281 A P  S    S-     0   0   15      0, 0.0    23,-0.0     0, 0.0    25,-0.0  -0.586  91.0-129.3 -62.6 122.8  -23.4   10.1    0.7
  282  282 A G    >   -     0   0   21     -2,-0.4     3,-1.6     1,-0.1     4,-0.4  -0.269  19.9-104.2 -69.3 164.2  -24.9    8.1   -2.2
  283  283 A P  G >> S+     0   0   44      0, 0.0     3,-1.2     0, 0.0     4,-1.1   0.769 112.3  78.1 -60.1 -23.8  -25.7    9.5   -5.7
  284  284 A E  G 34 S+     0   0  178      1,-0.3    -2,-0.0     2,-0.2     0, 0.0   0.706  99.3  40.9 -62.1 -18.4  -29.5    9.5   -4.7
  285  285 A E  G <4 S+     0   0   76     -3,-1.6    -1,-0.3     1,-0.1    -3,-0.0   0.513 113.3  52.3-103.9  -8.2  -28.8   12.8   -2.6
  286  286 A T  T <4 S+     0   0   88     -3,-1.2     2,-0.6    -4,-0.4    -2,-0.2   0.504  90.2  86.8-109.1  -4.5  -26.5   14.6   -5.1
  287  287 A S     <  -     0   0   91     -4,-1.1     3,-0.1     3,-0.0     2,-0.1  -0.876  67.5-139.7-105.3 117.8  -28.5   14.5   -8.3
  288  288 A E        -     0   0  166     -2,-0.6     2,-0.3     1,-0.1    -2,-0.1  -0.417  59.8 -75.0 -45.5 134.4  -31.1   16.9   -9.4
  289  289 A K        +     0   0  214     -2,-0.1     2,-0.5     1,-0.0    -1,-0.1  -0.281  61.2 169.7 -47.9 107.8  -33.9   14.8  -10.9
  290  290 A V        -     0   0  137     -2,-0.3     2,-0.1    -3,-0.1    -1,-0.0  -0.972  21.6-149.1-122.0 112.1  -32.8   13.5  -14.4
  291  291 A E        +     0   0  167     -2,-0.5     0, 0.0     1,-0.1     0, 0.0  -0.379  45.5  60.0 -65.5 154.8  -35.2   10.9  -15.7
  292  292 A N  S    S-     0   0  154     -2,-0.1    -1,-0.1     2,-0.0     0, 0.0   0.984  73.7 -59.5  83.0  89.6  -34.3    7.9  -18.0
  293  293 A G        +     0   0   84      1,-0.1     2,-0.3     0, 0.0    -2,-0.0   0.852  42.9 143.9  69.2  87.6  -32.3    5.0  -18.2
  294  294 A S        -     0   0  123      0, 0.0    -1,-0.1     0, 0.0     2,-0.1  -0.917  55.2 -90.3-155.2 142.6  -28.6    4.0  -18.0
  295  295 A L        -     0   0  166     -2,-0.3     2,-0.4     1,-0.1     0, 0.0  -0.201  33.4-139.6 -55.7 117.5  -27.1    0.8  -16.4
  296  296 A C        -     0   0   81     -2,-0.1     2,-0.8     2,-0.0    -1,-0.1  -0.621   8.2-142.1 -71.0 121.0  -26.1    1.0  -12.7
  297  297 A D    >>  -     0   0   64     -2,-0.4     3,-0.8     1,-0.1     4,-0.7  -0.847  15.0-150.4 -82.8 109.7  -22.8   -0.8  -12.0
  298  298 A Q  H 3> S+     0   0  144     -2,-0.8     4,-1.7     1,-0.2    -1,-0.1   0.406  71.1  94.4 -61.7  -4.6  -23.7   -2.2   -8.5
  299  299 A E  H 34 S+     0   0  105      2,-0.2    -1,-0.2     1,-0.2  -123,-0.0   0.813  98.9  20.3 -77.4 -29.8  -20.1   -2.2   -7.1
  300  300 A I  H X> S+     0   0   36     -3,-0.8     3,-1.7     2,-0.1     4,-0.8   0.805 122.5  58.2 -97.7 -37.9  -20.0    1.2   -5.3
  301  301 A D  H 3< S+     0   0   64     -4,-0.7    -2,-0.2     1,-0.3     3,-0.2   0.760  99.3  60.2 -65.5 -24.3  -23.8    1.6   -5.0
  302  302 A S  T 3< S+     0   0   92     -4,-1.7    -1,-0.3     1,-0.2    -3,-0.1   0.561 100.6  55.9 -76.6  -9.7  -24.1   -1.7   -3.0
  303  303 A I  T <4 S+     0   0   51     -3,-1.7    16,-2.5     1,-0.1     2,-0.5   0.771  99.2  60.7 -97.5 -28.8  -21.8   -0.4   -0.2
  304  304 A C  E  <  +K  318   0E  27     -4,-0.8     2,-0.3    14,-0.2    14,-0.2  -0.884  61.8 165.3-106.0 126.4  -23.7    2.8    0.8
  305  305 A S  E     -K  317   0E  50     12,-2.6    12,-2.7    -2,-0.5     2,-0.6  -0.980  36.7-123.2-134.5 151.4  -27.3    2.6    2.2
  306  306 A I  E     -K  316   0E  72     -2,-0.3     2,-0.5    10,-0.2    10,-0.2  -0.843  32.3-171.8 -89.4 119.5  -29.6    5.0    4.0
  307  307 A E  E     -K  315   0E  56      8,-2.2     8,-2.6    -2,-0.6     2,-0.6  -0.970  15.6-144.8-113.8 126.9  -30.8    3.3    7.3
  308  308 A R  E     -K  314   0E 207     -2,-0.5     6,-0.2     6,-0.2     2,-0.2  -0.781  18.7-145.6 -82.0 121.5  -33.5    4.9    9.5
  309  309 A A    >   -     0   0   31      4,-2.5     3,-1.1    -2,-0.6     4,-0.2  -0.572  30.5-100.6 -79.1 159.1  -32.8    4.3   13.2
  310  310 A D  T 3  S+     0   0  171      1,-0.3    -1,-0.1    -2,-0.2    -2,-0.0   0.548 120.0  62.2 -54.0 -11.8  -35.7    3.7   15.7
  311  311 A N  T 3  S-     0   0  137      2,-0.2    -1,-0.3     0, 0.0     3,-0.1  -0.138 119.6-101.8-108.6  29.2  -35.3    7.4   16.8
  312  312 A D  S <  S+     0   0  163     -3,-1.1     2,-0.6     1,-0.2    -2,-0.1   0.520  79.0 138.2  58.3  10.4  -36.1    9.1   13.4
  313  313 A K        -     0   0  120     -4,-0.2    -4,-2.5    35,-0.0     2,-0.6  -0.767  47.7-144.6 -85.7 122.6  -32.4    9.7   12.7
  314  314 A E  E     -K  308   0E  94     -2,-0.6     2,-0.5    -6,-0.2    -6,-0.2  -0.760  18.9-161.8 -85.5 115.0  -31.4    9.0    9.1
  315  315 A Y  E     -K  307   0E  25     -8,-2.6    -8,-2.2    -2,-0.6     2,-0.6  -0.891  20.5-135.4 -99.6 135.8  -27.9    7.5    9.0
  316  316 A L  E     -KL 306 347E  10     31,-2.6    31,-2.8    -2,-0.5     2,-0.5  -0.791  35.9-158.6 -75.8 117.1  -25.6    7.4    6.0
  317  317 A V  E     -KL 305 346E   1    -12,-2.7   -12,-2.6    -2,-0.6     2,-0.5  -0.926  17.6-169.3-113.9 121.3  -24.4    3.8    6.3
  318  318 A L  E     -KL 304 345E   8     27,-2.2    27,-2.6    -2,-0.5     2,-0.6  -0.930  11.2-157.3-102.6 125.0  -21.2    2.3    4.8
  319  319 A T  E     - L   0 344E  26    -16,-2.5     2,-0.6    -2,-0.5    25,-0.2  -0.888   6.3-169.2-106.2 114.4  -20.9   -1.5    5.0
  320  320 A L  E     - L   0 343E   2     23,-3.0    23,-2.8    -2,-0.6     2,-0.1  -0.877  10.4-152.2-100.4 119.9  -17.4   -3.0    4.8
  321  321 A T  E >>  - L   0 342E  53     -2,-0.6     3,-1.7    21,-0.2     4,-0.5  -0.370  36.8 -94.8 -76.9 167.1  -17.2   -6.8    4.4
  322  322 A K  G >4 S+     0   0    8     19,-1.8     3,-0.9     1,-0.3     9,-0.1   0.829 128.1  55.6 -47.9 -37.1  -14.2   -8.9    5.6
  323  323 A N  G 34 S+     0   0  100      1,-0.2    -1,-0.3    16,-0.2     6,-0.1   0.705 101.9  56.5 -74.8 -17.8  -12.7   -8.7    2.1
  324  324 A D  G <4 S+     0   0   43     -3,-1.7     2,-0.5  -155,-0.1    -1,-0.2   0.469  92.0  91.3 -87.7  -6.7  -12.9   -4.8    2.2
  325  325 A L  S <X S-     0   0    0     -3,-0.9     4,-2.1    -4,-0.5   -52,-0.2  -0.796  80.7-120.3-100.5 129.5  -10.7   -4.7    5.4
  326  326 A D  B  4 S+Q  272   0G   3    -54,-2.3   -54,-1.6    -2,-0.5     2,-1.6  -0.409  97.2   2.5 -65.8 138.9   -6.9   -4.5    5.4
  327  327 A K  T >4 S+     0   0  104    -56,-0.2     3,-1.3     1,-0.1     4,-0.3  -0.339 122.0  72.6  69.8 -47.4   -5.3   -7.5    7.2
  328  328 A A  G >4 S+     0   0    0     -2,-1.6     3,-1.7     1,-0.3    -2,-0.2   0.864  87.5  62.7 -64.7 -32.2   -8.7   -9.2    7.8
  329  329 A N  G 3< S+     0   0   23     -4,-2.1    -1,-0.3     1,-0.3    -3,-0.1   0.728  95.6  62.1 -60.4 -23.1   -9.1  -10.1    4.0
  330  330 A K  G <  S+     0   0   60     -3,-1.3     2,-2.1     1,-0.2     3,-0.3   0.574  75.8  94.4 -80.6 -12.1   -5.9  -12.3    4.4
  331  331 A D    X   +     0   0   16     -3,-1.7     3,-1.7    -4,-0.3     6,-0.2  -0.406  43.0 154.8 -78.3  63.3   -7.6  -14.6    7.0
  332  332 A K  T 3  S+     0   0  120     -2,-2.1    -1,-0.2     1,-0.3    -2,-0.1   0.830  70.3  58.6 -63.4 -28.5   -8.6  -17.2    4.3
  333  333 A A  T 3  S-     0   0   68     -3,-0.3    -1,-0.3     1,-0.0    -2,-0.1   0.447 105.7-130.5 -76.9  -3.5   -8.7  -19.9    7.0
  334  334 A N    <   +     0   0   63     -3,-1.7    -2,-0.1     4,-0.1    -3,-0.1   0.795  62.3 139.4  54.1  34.1  -11.4  -17.9    8.9
  335  335 A R  S    S+     0   0  181      1,-0.1     3,-0.1     3,-0.1    -1,-0.1   0.836  79.8  17.8 -73.1 -35.7   -9.3  -18.3   12.2
  336  336 A Y  S    S+     0   0  115      1,-0.3  -131,-2.7    -8,-0.1     2,-0.4   0.695 130.1  37.3-109.6 -30.4   -9.8  -14.7   13.4
  337  337 A F  S    S-     0   0    5   -133,-0.2    -1,-0.3    -6,-0.2  -134,-0.0  -0.993  78.1-120.3-132.2 130.8  -12.9  -13.5   11.4
  338  338 A S    >   -     0   0   34     -2,-0.4     3,-2.1  -135,-0.2   -16,-0.1  -0.291  32.7-115.6 -54.7 146.0  -16.0  -15.3   10.3
  339  339 A P  T 3  S+     0   0   90      0, 0.0   -17,-0.3     0, 0.0   -16,-0.2   0.793 119.0  50.8 -60.1 -25.6  -16.4  -15.3    6.4
  340  340 A N  T 3  S+     0   0   92    -19,-0.1     2,-0.1   -18,-0.1  -139,-0.1   0.163  80.4 138.6 -94.5  14.1  -19.6  -13.1    6.9
  341  341 A F    <   +     0   0    1     -3,-2.1   -19,-1.8  -140,-0.1     2,-0.3  -0.435  27.6 174.8 -59.6 131.2  -17.8  -10.6    9.2
  342  342 A K  E     - L   0 321E  66    -21,-0.2  -141,-2.0    -2,-0.1     2,-0.5  -0.978  27.0-149.3-136.8 153.2  -18.8   -7.0    8.4
  343  343 A V  E     -IL 200 320E   0    -23,-2.8   -23,-3.0    -2,-0.3     2,-0.4  -0.987  14.8-161.0-119.9 113.9  -18.2   -3.5    9.8
  344  344 A K  E     -IL 199 319E  32   -145,-2.7  -145,-2.2    -2,-0.5     2,-0.4  -0.834   4.0-158.5 -92.2 135.0  -21.0   -1.0    9.4
  345  345 A L  E     -IL 198 318E   0    -27,-2.6   -27,-2.2    -2,-0.4     2,-0.5  -0.957   4.9-153.5-114.5 132.0  -20.1    2.7    9.8
  346  346 A Y  E     +IL 197 317E  16   -149,-2.4  -150,-2.7    -2,-0.4  -149,-1.0  -0.938  20.9 166.2-117.7 120.1  -22.9    5.3   10.6
  347  347 A F  E     -IL 195 316E   0    -31,-2.8   -31,-2.6    -2,-0.5     2,-0.3  -0.813  19.4-161.1-124.7 161.1  -22.6    9.0    9.6
  348  348 A T  E     -I  194   0E  27   -154,-1.9  -154,-3.0    -2,-0.3   -33,-0.1  -0.965  32.9-102.1-131.7 157.4  -24.8   12.1    9.3
  349  349 A K  E     -I  193   0E  82     -2,-0.3  -156,-0.2  -156,-0.2     3,-0.1  -0.370  21.2-135.2 -66.4 152.6  -24.2   15.4    7.4
  350  350 A T  S    S+     0   0   68   -158,-1.0     2,-0.3     1,-0.2    -1,-0.1   0.698  89.5  24.8 -80.8 -22.4  -22.9   18.4    9.4
  351  351 A V  S    S-     0   0   92   -159,-0.2     2,-1.1     2,-0.0    -1,-0.2  -0.995  75.5-124.5-139.6 137.8  -25.5   20.7    7.6
  352  352 A E        -     0   0  191     -2,-0.3     0, 0.0    -3,-0.1     0, 0.0  -0.807  41.8-136.8 -69.3  99.6  -28.8   20.2    5.9
  353  353 A E        -     0   0  116     -2,-1.1     2,-0.4     1,-0.0    -4,-0.0  -0.586  13.4-130.2 -58.5 119.4  -27.6   21.9    2.6
  354  354 A P        -     0   0  114      0, 0.0     2,-1.8     0, 0.0    -1,-0.0  -0.643  28.3-108.5 -68.0 131.4  -30.5   24.1    1.4
  355  355 A S  S    S+     0   0  123     -2,-0.4    -2,-0.0     2,-0.1    -3,-0.0  -0.476  85.8  96.5 -62.1  79.4  -31.2   23.3   -2.2
  356  356 A N        -     0   0  135     -2,-1.8     2,-1.2     0, 0.0    -1,-0.0  -0.509  51.9-161.8-165.2 111.9  -29.9   26.5   -3.9
  357  357 A P        +     0   0  114      0, 0.0     2,-0.3     0, 0.0     3,-0.1  -0.539  51.0 113.7 -93.9  71.7  -26.3   27.0   -5.4
  358  358 A E        +     0   0  176     -2,-1.2     0, 0.0     1,-0.2     0, 0.0  -0.924  62.7   7.0-138.9 124.5  -26.0   30.8   -5.6
  359  359 A A        +     0   0   97     -2,-0.3    -1,-0.2     1,-0.0     2,-0.0   0.994  60.0 112.7  76.6  93.1  -23.4   32.8   -3.5
  360  360 A S        +     0   0  119     -3,-0.1     2,-0.6     0, 0.0    -1,-0.0  -0.254  17.6 167.9-162.4 105.9  -20.6   32.1   -1.3
  361  361 A S        +     0   0  124      2,-0.0     2,-0.1    -2,-0.0     0, 0.0  -0.875  23.5 155.8 -79.5 118.8  -17.0   33.0   -2.1
  362  362 A S        -     0   0   98     -2,-0.6     0, 0.0     0, 0.0     0, 0.0  -0.567  39.4 -94.7-160.4 105.4  -14.9   32.6    1.1
  363  363 A T        -     0   0  128      1,-0.2     2,-0.6    -2,-0.1    -2,-0.0   0.591  22.5-122.5  38.0 103.5  -11.3   32.0    1.8
  364  364 A S        -     0   0  121      1,-0.0     2,-0.7     2,-0.0    -1,-0.2  -0.658  26.4-159.6 -66.5 113.5   -9.4   28.8    2.5
  365  365 A V        -     0   0  129     -2,-0.6    -1,-0.0     2,-0.0     0, 0.0  -0.926   6.1-153.1 -98.1 109.4   -7.6   29.3    5.8
  366  366 A T  P>    -     0   0  123     -2,-0.7     2,-0.4     1,-0.0     3,-0.0  -0.710  18.1-124.1 -71.2 129.1   -4.7   26.8    6.1
  367  367 A P  PP    -     0   0  123      0, 0.0    -1,-0.0     0, 0.0     2,-0.0  -0.709  33.7-110.5 -75.9 128.7   -3.9   25.9    9.8
  368  368 A D  P<    -     0   0  163     -2,-0.4     2,-0.9     1,-0.1     0, 0.0  -0.252  27.2-113.6 -56.7 137.6   -0.2   26.6   10.4
  369  369 A V        -     0   0  134     -3,-0.0     2,-0.5    -2,-0.0    -1,-0.1  -0.704  33.2-171.5 -79.6 105.0    2.2   23.7   11.0
  370  370 A S        -     0   0   99     -2,-0.9     2,-0.0     1,-0.0     0, 0.0  -0.919  30.6-108.6 -98.1 126.1    3.5   23.7   14.6
  371  371 A D        +     0   0  155     -2,-0.5     2,-0.4     1,-0.0    -1,-0.0  -0.234  38.6 175.0 -46.2 123.3    6.2   21.2   15.3
  372  372 A N        -     0   0  154     -2,-0.0    -2,-0.0     0, 0.0    -1,-0.0  -0.972  36.3-104.9-136.4 130.3    5.4   18.2   17.4
  373  373 A E        -     0   0  184     -2,-0.4     2,-1.0     1,-0.1     0, 0.0   0.028  30.4-108.0 -48.7 143.9    8.0   15.4   17.9
  374  374 A P        -     0   0  106      0, 0.0     2,-0.6     0, 0.0    -1,-0.1  -0.647  26.3-136.3 -75.1 107.4    7.9   12.0   16.2
  375  375 A D        -     0   0  127     -2,-1.0     2,-2.1     1,-0.1     0, 0.0  -0.530  31.3-118.5 -54.4 110.3    7.0    9.4   18.8
  376  376 A H        +     0   0  184     -2,-0.6     2,-1.1     1,-0.1    -1,-0.1  -0.366  42.4 172.2 -62.9  77.9    9.5    6.7   17.7
  377  377 A Y        -     0   0  198     -2,-2.1     2,-0.7     2,-0.0    -1,-0.1  -0.789  33.5-135.8 -84.5  97.8    7.3    3.8   16.7
  378  378 A R        -     0   0  245     -2,-1.1     2,-1.6     1,-0.1    -2,-0.0  -0.435  11.9-146.9 -54.0  98.9   10.1    1.6   15.2
  379  379 A Y        +     0   0  145     -2,-0.7     2,-1.4     1,-0.1    -1,-0.1  -0.623  20.6 179.9 -74.0  83.3    8.4    0.3   12.0
  380  380 A S        +     0   0  103     -2,-1.6     2,-1.1     1,-0.1    -1,-0.1  -0.663  10.5 166.8 -84.2  75.8   10.0   -3.2   11.8
  381  381 A D        +     0   0   41     -2,-1.4    -2,-0.1     1,-0.1    -1,-0.1  -0.723  30.9 116.6 -96.6  77.3    8.2   -4.1    8.6
  382  382 A T        +     0   0  124     -2,-1.1    -1,-0.1     3,-0.0     3,-0.0  -0.361  65.3  59.7-132.3  47.8   10.1   -7.2    7.6
  383  383 A T        +     0   0  118      0, 0.0     2,-0.7     0, 0.0    -2,-0.1   0.188  52.0 116.2-163.3  34.2    7.3   -9.8    7.8
  384  384 A D        +     0   0   79      2,-0.1     2,-0.6     3,-0.0    -3,-0.0  -0.476  43.0 145.2 -87.9  56.5    4.4   -9.0    5.4
  385  385 A S        -     0   0   57     -2,-0.7    -3,-0.0    -3,-0.0     4,-0.0  -0.916  64.3-111.3 -76.8 121.0    5.3  -12.2    3.8
  386  386 A D        -     0   0   57     -2,-0.6     3,-0.5     1,-0.2    -2,-0.1  -0.477  22.0-145.1 -42.7 116.8    2.1  -13.7    2.5
  387  387 A P  S >  S+     0   0  103      0, 0.0     3,-0.6     0, 0.0    -1,-0.2   0.322  81.1  96.0 -71.8  10.2    1.8  -16.7    4.9
  388  388 A E  T 3  S+     0   0   83      1,-0.2    -2,-0.1     3,-0.0     0, 0.0   0.124  74.0  54.8 -92.6  18.8    0.2  -18.5    1.8
  389  389 A N  T 3   +     0   0  129     -3,-0.5    -1,-0.2     2,-0.1    -3,-0.0   0.015  63.2 120.5-145.6  34.8    3.4  -20.3    0.5
  390  390 A E    <   -     0   0  170     -3,-0.6     2,-0.4     3,-0.0     0, 0.0  -0.891  66.5-123.6 -82.0 125.1    4.9  -22.4    3.3
  391  391 A P        -     0   0  108      0, 0.0     2,-1.3     0, 0.0    -2,-0.1  -0.587  18.6-126.5 -62.5 125.2    4.9  -26.0    2.0
  392  392 A F        -     0   0  189     -2,-0.4     2,-1.3     2,-0.1    -2,-0.0  -0.722  21.9-155.7 -66.6  97.4    3.1  -28.2    4.4
  393  393 A D        -     0   0  148     -2,-1.3     2,-1.6     2,-0.1    -1,-0.0  -0.763   4.7-162.4 -71.4  93.6    5.7  -30.9    5.0
  394  394 A E        +     0   0  172     -2,-1.3    -2,-0.1     1,-0.1    -1,-0.0  -0.716  44.2 127.0 -71.4  83.8    3.4  -33.7    6.1
  395  395 A D        +     0   0  137     -2,-1.6    -1,-0.1     1,-0.1     2,-0.1  -0.454  20.6 111.5-144.6  72.3    6.2  -35.8    7.7
  396  396 A Q        -     0   0  180      2,-0.0     2,-1.0     0, 0.0    -1,-0.1  -0.610  42.8-168.2-131.6  86.9    5.4  -36.7   11.3
  397  397 A H        -     0   0  182     -2,-0.1     2,-1.1     1,-0.0    -2,-0.0  -0.568  11.4-155.3 -50.5  99.1    4.8  -40.4   11.4
  398  398 A T        -     0   0  120     -2,-1.0     2,-0.8     2,-0.0    -2,-0.0  -0.818   8.6-146.6 -79.4 100.2    3.3  -40.7   14.9
  399  399 A Q        -     0   0  181     -2,-1.1     2,-0.9     2,-0.0    -2,-0.0  -0.679   9.7-152.9 -60.8 108.4    4.1  -44.3   15.8
  400  400 A I        -     0   0  148     -2,-0.8     2,-0.7     2,-0.0    -2,-0.0  -0.857   8.2-162.1 -81.9 106.0    1.1  -45.3   17.9
  401  401 A T        -     0   0  117     -2,-0.9     2,-0.5     0, 0.0    -2,-0.0  -0.868   4.5-153.9 -85.2 115.1    2.4  -48.0   20.2
  402  402 A K              0   0  188     -2,-0.7    -2,-0.0     1,-0.1     0, 0.0  -0.892 360.0 360.0 -80.4 130.9   -0.6  -50.0   21.6
  403  403 A V              0   0  207     -2,-0.5    -1,-0.1     0, 0.0     0, 0.0   0.738 360.0 360.0  74.0 360.0    0.5  -51.5   25.0
